#! /c/Source/iverilog-install/bin/vvp
:ivl_version "12.0 (devel)" "(s20150603-1110-g18392a46)";
:ivl_delay_selection "TYPICAL";
:vpi_time_precision - 12;
:vpi_module "C:\iverilog\lib\ivl\system.vpi";
:vpi_module "C:\iverilog\lib\ivl\vhdl_sys.vpi";
:vpi_module "C:\iverilog\lib\ivl\vhdl_textio.vpi";
:vpi_module "C:\iverilog\lib\ivl\v2005_math.vpi";
:vpi_module "C:\iverilog\lib\ivl\va_math.vpi";
:vpi_module "C:\iverilog\lib\ivl\v2009.vpi";
S_0000019f8ea349a0 .scope package, "$unit" "$unit" 2 1;
 .timescale 0 0;
S_0000019f8ea37080 .scope module, "tb_mic_control_fsm" "tb_mic_control_fsm" 3 3;
 .timescale -9 -12;
v0000019f8ea8cf90_0 .var "activate_mic", 0 0;
v0000019f8ea8cef0_0 .var "clap_event", 0 0;
v0000019f8ea8c4f0_0 .net "clear_clap_seen", 0 0, L_0000019f8ea105a0;  1 drivers
v0000019f8ea8c6d0_0 .var "clk", 0 0;
v0000019f8ea8d170_0 .net "init_system", 0 0, L_0000019f8ea8e640;  1 drivers
v0000019f8ea8c810_0 .net "listening_led", 0 0, L_0000019f8ea10840;  1 drivers
v0000019f8ea8c1d0_0 .net "load_bit", 2 0, L_0000019f8ea8d5d0;  1 drivers
v0000019f8ea8d530_0 .net "mic_done", 0 0, L_0000019f8ea10a70;  1 drivers
v0000019f8ea8d030_0 .var "mic_times_done", 0 0;
v0000019f8ea8d2b0_0 .var "mode_mic", 2 0;
v0000019f8ea8d350_0 .var "reset", 0 0;
v0000019f8ea8bc30_0 .net "s0", 0 0, v0000019f8ea2dfa0_0;  1 drivers
v0000019f8ea8d670_0 .net "s1", 0 0, v0000019f8ea2d140_0;  1 drivers
v0000019f8ea8d3f0_0 .var "seen_clap", 0 0;
v0000019f8ea8bcd0_0 .net "set_clap_seen", 0 0, L_0000019f8ea0fd50;  1 drivers
E_0000019f8ea30830 .event posedge, v0000019f8ea2d820_0;
S_0000019f8ea37210 .scope module, "dut" "mic_control_fsm" 3 21, 4 1 0, S_0000019f8ea37080;
 .timescale -9 -12;
    .port_info 0 /INPUT 1 "clk";
    .port_info 1 /INPUT 1 "reset";
    .port_info 2 /INPUT 1 "activate_mic";
    .port_info 3 /INPUT 1 "mic_times_done";
    .port_info 4 /INPUT 1 "clap_event";
    .port_info 5 /INPUT 3 "mode_mic";
    .port_info 6 /INPUT 1 "seen_clap";
    .port_info 7 /OUTPUT 1 "s1";
    .port_info 8 /OUTPUT 1 "s0";
    .port_info 9 /OUTPUT 1 "clear_clap_seen";
    .port_info 10 /OUTPUT 1 "set_clap_seen";
    .port_info 11 /OUTPUT 1 "mic_done";
    .port_info 12 /OUTPUT 1 "init_system";
    .port_info 13 /OUTPUT 1 "listening_led";
    .port_info 14 /OUTPUT 3 "load_bit";
L_0000019f8ea0fff0 .functor NOT 1, v0000019f8ea2d140_0, C4<0>, C4<0>, C4<0>;
L_0000019f8ea10370 .functor AND 1, L_0000019f8ea0fff0, v0000019f8ea2dfa0_0, C4<1>, C4<1>;
L_0000019f8ea10610 .functor AND 1, L_0000019f8ea10370, v0000019f8ea8d030_0, C4<1>, C4<1>;
L_0000019f8ea10060 .functor NOT 1, v0000019f8ea2d140_0, C4<0>, C4<0>, C4<0>;
L_0000019f8ea10bc0 .functor NOT 1, v0000019f8ea2dfa0_0, C4<0>, C4<0>, C4<0>;
L_0000019f8ea103e0 .functor AND 1, L_0000019f8ea10060, L_0000019f8ea10bc0, C4<1>, C4<1>;
L_0000019f8ea101b0 .functor AND 1, L_0000019f8ea103e0, v0000019f8ea8cf90_0, C4<1>, C4<1>;
L_0000019f8ea0fce0 .functor NOT 1, v0000019f8ea2d140_0, C4<0>, C4<0>, C4<0>;
L_0000019f8ea10b50 .functor AND 1, L_0000019f8ea0fce0, v0000019f8ea2dfa0_0, C4<1>, C4<1>;
L_0000019f8ea106f0 .functor NOT 1, v0000019f8ea8d030_0, C4<0>, C4<0>, C4<0>;
L_0000019f8ea100d0 .functor AND 1, L_0000019f8ea10b50, L_0000019f8ea106f0, C4<1>, C4<1>;
L_0000019f8ea104c0 .functor OR 1, L_0000019f8ea101b0, L_0000019f8ea100d0, C4<0>, C4<0>;
L_0000019f8ea107d0 .functor NOT 1, v0000019f8ea2d140_0, C4<0>, C4<0>, C4<0>;
L_0000019f8ea10530 .functor NOT 1, v0000019f8ea2dfa0_0, C4<0>, C4<0>, C4<0>;
L_0000019f8ea105a0 .functor AND 1, L_0000019f8ea107d0, L_0000019f8ea10530, C4<1>, C4<1>;
L_0000019f8ea10680 .functor NOT 1, v0000019f8ea2d140_0, C4<0>, C4<0>, C4<0>;
L_0000019f8ea10290 .functor AND 1, L_0000019f8ea10680, v0000019f8ea2dfa0_0, C4<1>, C4<1>;
L_0000019f8ea0fd50 .functor AND 1, L_0000019f8ea10290, v0000019f8ea8cef0_0, C4<1>, C4<1>;
L_0000019f8ea10140 .functor NOT 1, v0000019f8ea2dfa0_0, C4<0>, C4<0>, C4<0>;
L_0000019f8ea10a70 .functor AND 1, v0000019f8ea2d140_0, L_0000019f8ea10140, C4<1>, C4<1>;
L_0000019f8ea10220 .functor NOT 1, v0000019f8ea2d140_0, C4<0>, C4<0>, C4<0>;
L_0000019f8ea10840 .functor AND 1, L_0000019f8ea10220, v0000019f8ea2dfa0_0, C4<1>, C4<1>;
L_0000019f8ea8db50 .functor NOT 1, v0000019f8ea2dfa0_0, C4<0>, C4<0>, C4<0>;
L_0000019f8ea8e1e0 .functor AND 1, v0000019f8ea2d140_0, L_0000019f8ea8db50, C4<1>, C4<1>;
L_0000019f8ea8da00 .functor NOT 1, L_0000019f8ea8beb0, C4<0>, C4<0>, C4<0>;
L_0000019f8ea8e3a0 .functor AND 1, L_0000019f8ea8e1e0, L_0000019f8ea8da00, C4<1>, C4<1>;
L_0000019f8ea8ded0 .functor NOT 1, L_0000019f8ea8bd70, C4<0>, C4<0>, C4<0>;
L_0000019f8ea8da70 .functor AND 1, L_0000019f8ea8e3a0, L_0000019f8ea8ded0, C4<1>, C4<1>;
L_0000019f8ea8dd10 .functor NOT 1, L_0000019f8ea8be10, C4<0>, C4<0>, C4<0>;
L_0000019f8ea8e100 .functor AND 1, L_0000019f8ea8da70, L_0000019f8ea8dd10, C4<1>, C4<1>;
L_0000019f8ea8e640 .functor AND 1, L_0000019f8ea8e100, v0000019f8ea8d3f0_0, C4<1>, C4<1>;
L_0000019f8ea8dc30 .functor NOT 1, v0000019f8ea2dfa0_0, C4<0>, C4<0>, C4<0>;
L_0000019f8ea8e6b0 .functor AND 1, v0000019f8ea2d140_0, L_0000019f8ea8dc30, C4<1>, C4<1>;
L_0000019f8ea8dae0 .functor AND 1, L_0000019f8ea8e6b0, L_0000019f8ea8beb0, C4<1>, C4<1>;
L_0000019f8ea8e5d0 .functor NOT 1, v0000019f8ea2dfa0_0, C4<0>, C4<0>, C4<0>;
L_0000019f8ea8dbc0 .functor AND 1, v0000019f8ea2d140_0, L_0000019f8ea8e5d0, C4<1>, C4<1>;
L_0000019f8ea8dca0 .functor AND 1, L_0000019f8ea8dbc0, L_0000019f8ea8bd70, C4<1>, C4<1>;
L_0000019f8ea8dfb0 .functor NOT 1, v0000019f8ea2dfa0_0, C4<0>, C4<0>, C4<0>;
L_0000019f8ea8e020 .functor AND 1, v0000019f8ea2d140_0, L_0000019f8ea8dfb0, C4<1>, C4<1>;
L_0000019f8ea8dd80 .functor AND 1, L_0000019f8ea8e020, L_0000019f8ea8be10, C4<1>, C4<1>;
v0000019f8ea2e5e0_0 .net *"_ivl_12", 0 0, L_0000019f8ea10060;  1 drivers
v0000019f8ea2e180_0 .net *"_ivl_14", 0 0, L_0000019f8ea10bc0;  1 drivers
v0000019f8ea2e4a0_0 .net *"_ivl_16", 0 0, L_0000019f8ea103e0;  1 drivers
v0000019f8ea2e680_0 .net *"_ivl_18", 0 0, L_0000019f8ea101b0;  1 drivers
v0000019f8ea2ed60_0 .net *"_ivl_20", 0 0, L_0000019f8ea0fce0;  1 drivers
v0000019f8ea2eb80_0 .net *"_ivl_22", 0 0, L_0000019f8ea10b50;  1 drivers
v0000019f8ea2ea40_0 .net *"_ivl_24", 0 0, L_0000019f8ea106f0;  1 drivers
v0000019f8ea2e7c0_0 .net *"_ivl_26", 0 0, L_0000019f8ea100d0;  1 drivers
v0000019f8ea2eae0_0 .net *"_ivl_30", 0 0, L_0000019f8ea107d0;  1 drivers
v0000019f8ea2da00_0 .net *"_ivl_32", 0 0, L_0000019f8ea10530;  1 drivers
v0000019f8ea2ee00_0 .net *"_ivl_36", 0 0, L_0000019f8ea10680;  1 drivers
v0000019f8ea2d460_0 .net *"_ivl_38", 0 0, L_0000019f8ea10290;  1 drivers
v0000019f8ea2e2c0_0 .net *"_ivl_42", 0 0, L_0000019f8ea10140;  1 drivers
v0000019f8ea2e360_0 .net *"_ivl_46", 0 0, L_0000019f8ea10220;  1 drivers
v0000019f8ea2e860_0 .net *"_ivl_50", 0 0, L_0000019f8ea8db50;  1 drivers
v0000019f8ea2d6e0_0 .net *"_ivl_52", 0 0, L_0000019f8ea8e1e0;  1 drivers
v0000019f8ea2eea0_0 .net *"_ivl_54", 0 0, L_0000019f8ea8da00;  1 drivers
v0000019f8ea2d000_0 .net *"_ivl_56", 0 0, L_0000019f8ea8e3a0;  1 drivers
v0000019f8ea2d280_0 .net *"_ivl_58", 0 0, L_0000019f8ea8ded0;  1 drivers
v0000019f8ea2d780_0 .net *"_ivl_6", 0 0, L_0000019f8ea0fff0;  1 drivers
v0000019f8ea2daa0_0 .net *"_ivl_60", 0 0, L_0000019f8ea8da70;  1 drivers
v0000019f8ea2d0a0_0 .net *"_ivl_62", 0 0, L_0000019f8ea8dd10;  1 drivers
v0000019f8ea2db40_0 .net *"_ivl_64", 0 0, L_0000019f8ea8e100;  1 drivers
v0000019f8ea2dbe0_0 .net *"_ivl_70", 0 0, L_0000019f8ea8dc30;  1 drivers
v0000019f8ea2dc80_0 .net *"_ivl_72", 0 0, L_0000019f8ea8e6b0;  1 drivers
v0000019f8ea8c630_0 .net *"_ivl_74", 0 0, L_0000019f8ea8dae0;  1 drivers
v0000019f8ea8c590_0 .net *"_ivl_78", 0 0, L_0000019f8ea8e5d0;  1 drivers
v0000019f8ea8cbd0_0 .net *"_ivl_8", 0 0, L_0000019f8ea10370;  1 drivers
v0000019f8ea8d7b0_0 .net *"_ivl_80", 0 0, L_0000019f8ea8dbc0;  1 drivers
v0000019f8ea8c9f0_0 .net *"_ivl_82", 0 0, L_0000019f8ea8dca0;  1 drivers
v0000019f8ea8d210_0 .net *"_ivl_87", 0 0, L_0000019f8ea8dfb0;  1 drivers
v0000019f8ea8c450_0 .net *"_ivl_89", 0 0, L_0000019f8ea8e020;  1 drivers
v0000019f8ea8b910_0 .net *"_ivl_91", 0 0, L_0000019f8ea8dd80;  1 drivers
v0000019f8ea8c8b0_0 .net "activate_mic", 0 0, v0000019f8ea8cf90_0;  1 drivers
v0000019f8ea8b9b0_0 .net "clap_event", 0 0, v0000019f8ea8cef0_0;  1 drivers
v0000019f8ea8c950_0 .net "clear_clap_seen", 0 0, L_0000019f8ea105a0;  alias, 1 drivers
v0000019f8ea8d710_0 .net "clk", 0 0, v0000019f8ea8c6d0_0;  1 drivers
v0000019f8ea8ca90_0 .net "init_system", 0 0, L_0000019f8ea8e640;  alias, 1 drivers
v0000019f8ea8cb30_0 .net "listening_led", 0 0, L_0000019f8ea10840;  alias, 1 drivers
v0000019f8ea8d490_0 .net "load_bit", 2 0, L_0000019f8ea8d5d0;  alias, 1 drivers
v0000019f8ea8bf50_0 .net "m0", 0 0, L_0000019f8ea8be10;  1 drivers
v0000019f8ea8bff0_0 .net "m1", 0 0, L_0000019f8ea8bd70;  1 drivers
v0000019f8ea8ba50_0 .net "m2", 0 0, L_0000019f8ea8beb0;  1 drivers
v0000019f8ea8c770_0 .net "mic_done", 0 0, L_0000019f8ea10a70;  alias, 1 drivers
v0000019f8ea8c130_0 .net "mic_times_done", 0 0, v0000019f8ea8d030_0;  1 drivers
v0000019f8ea8d0d0_0 .net "mode_mic", 2 0, v0000019f8ea8d2b0_0;  1 drivers
v0000019f8ea8cc70_0 .net "next_s0", 0 0, L_0000019f8ea104c0;  1 drivers
v0000019f8ea8c310_0 .net "next_s1", 0 0, L_0000019f8ea10610;  1 drivers
v0000019f8ea8c090_0 .net "reset", 0 0, v0000019f8ea8d350_0;  1 drivers
v0000019f8ea8cd10_0 .net "s0", 0 0, v0000019f8ea2dfa0_0;  alias, 1 drivers
v0000019f8ea8c270_0 .net "s1", 0 0, v0000019f8ea2d140_0;  alias, 1 drivers
v0000019f8ea8cdb0_0 .net "seen_clap", 0 0, v0000019f8ea8d3f0_0;  1 drivers
v0000019f8ea8baf0_0 .net "set_clap_seen", 0 0, L_0000019f8ea0fd50;  alias, 1 drivers
L_0000019f8ea8beb0 .part v0000019f8ea8d2b0_0, 2, 1;
L_0000019f8ea8bd70 .part v0000019f8ea8d2b0_0, 1, 1;
L_0000019f8ea8be10 .part v0000019f8ea8d2b0_0, 0, 1;
L_0000019f8ea8d5d0 .concat8 [ 1 1 1 0], L_0000019f8ea8dd80, L_0000019f8ea8dca0, L_0000019f8ea8dae0;
S_0000019f8ea36390 .scope module, "ff_s0" "flip_flop_d" 4 53, 5 1 0, S_0000019f8ea37210;
 .timescale -9 -12;
    .port_info 0 /INPUT 1 "clk";
    .port_info 1 /INPUT 1 "reset";
    .port_info 2 /INPUT 1 "d";
    .port_info 3 /OUTPUT 1 "q";
v0000019f8ea2d820_0 .net "clk", 0 0, v0000019f8ea8c6d0_0;  alias, 1 drivers
v0000019f8ea2df00_0 .net "d", 0 0, L_0000019f8ea104c0;  alias, 1 drivers
v0000019f8ea2dfa0_0 .var "q", 0 0;
v0000019f8ea2d3c0_0 .net "reset", 0 0, v0000019f8ea8d350_0;  alias, 1 drivers
E_0000019f8ea30f70 .event posedge, v0000019f8ea2d3c0_0, v0000019f8ea2d820_0;
S_0000019f8ea36520 .scope module, "ff_s1" "flip_flop_d" 4 46, 5 1 0, S_0000019f8ea37210;
 .timescale -9 -12;
    .port_info 0 /INPUT 1 "clk";
    .port_info 1 /INPUT 1 "reset";
    .port_info 2 /INPUT 1 "d";
    .port_info 3 /OUTPUT 1 "q";
v0000019f8ea2e040_0 .net "clk", 0 0, v0000019f8ea8c6d0_0;  alias, 1 drivers
v0000019f8ea2e0e0_0 .net "d", 0 0, L_0000019f8ea10610;  alias, 1 drivers
v0000019f8ea2d140_0 .var "q", 0 0;
v0000019f8ea2e900_0 .net "reset", 0 0, v0000019f8ea8d350_0;  alias, 1 drivers
S_0000019f8ea2a240 .scope task, "expect_state" "expect_state" 3 41, 3 41 0, S_0000019f8ea37080;
 .timescale -9 -12;
v0000019f8ea8bb90_0 .var "exp_s0", 0 0;
v0000019f8ea8c3b0_0 .var "exp_s1", 0 0;
v0000019f8ea8ce50_0 .var/str "msg";
TD_tb_mic_control_fsm.expect_state ;
    %load/vec4 v0000019f8ea8d670_0;
    %load/vec4 v0000019f8ea8bc30_0;
    %concat/vec4; draw_concat_vec4
    %load/vec4 v0000019f8ea8c3b0_0;
    %load/vec4 v0000019f8ea8bb90_0;
    %concat/vec4; draw_concat_vec4
    %cmp/ne;
    %jmp/0xz  T_0.0, 6;
    %vpi_call/w 3 44 "$display", "ERROR: %s | state=%b%b esperado=%b%b", v0000019f8ea8ce50_0, v0000019f8ea8d670_0, v0000019f8ea8bc30_0, v0000019f8ea8c3b0_0, v0000019f8ea8bb90_0 {0 0 0};
    %vpi_call/w 3 45 "$stop" {0 0 0};
T_0.0 ;
    %end;
    .scope S_0000019f8ea36520;
T_1 ;
    %wait E_0000019f8ea30f70;
    %load/vec4 v0000019f8ea2e900_0;
    %flag_set/vec4 8;
    %jmp/0xz  T_1.0, 8;
    %pushi/vec4 0, 0, 1;
    %assign/vec4 v0000019f8ea2d140_0, 0;
    %jmp T_1.1;
T_1.0 ;
    %load/vec4 v0000019f8ea2e0e0_0;
    %assign/vec4 v0000019f8ea2d140_0, 0;
T_1.1 ;
    %jmp T_1;
    .thread T_1;
    .scope S_0000019f8ea36390;
T_2 ;
    %wait E_0000019f8ea30f70;
    %load/vec4 v0000019f8ea2d3c0_0;
    %flag_set/vec4 8;
    %jmp/0xz  T_2.0, 8;
    %pushi/vec4 0, 0, 1;
    %assign/vec4 v0000019f8ea2dfa0_0, 0;
    %jmp T_2.1;
T_2.0 ;
    %load/vec4 v0000019f8ea2df00_0;
    %assign/vec4 v0000019f8ea2dfa0_0, 0;
T_2.1 ;
    %jmp T_2;
    .thread T_2;
    .scope S_0000019f8ea37080;
T_3 ;
    %delay 5000, 0;
    %load/vec4 v0000019f8ea8c6d0_0;
    %inv;
    %store/vec4 v0000019f8ea8c6d0_0, 0, 1;
    %jmp T_3;
    .thread T_3;
    .scope S_0000019f8ea37080;
T_4 ;
    %pushi/vec4 0, 0, 1;
    %store/vec4 v0000019f8ea8c6d0_0, 0, 1;
    %pushi/vec4 1, 0, 1;
    %store/vec4 v0000019f8ea8d350_0, 0, 1;
    %pushi/vec4 0, 0, 1;
    %store/vec4 v0000019f8ea8cf90_0, 0, 1;
    %pushi/vec4 0, 0, 1;
    %store/vec4 v0000019f8ea8d030_0, 0, 1;
    %pushi/vec4 0, 0, 1;
    %store/vec4 v0000019f8ea8cef0_0, 0, 1;
    %pushi/vec4 0, 0, 3;
    %store/vec4 v0000019f8ea8d2b0_0, 0, 3;
    %pushi/vec4 0, 0, 1;
    %store/vec4 v0000019f8ea8d3f0_0, 0, 1;
    %delay 12000, 0;
    %pushi/vec4 0, 0, 1;
    %store/vec4 v0000019f8ea8d350_0, 0, 1;
    %delay 2000, 0;
    %pushi/vec4 0, 0, 1;
    %store/vec4 v0000019f8ea8c3b0_0, 0, 1;
    %pushi/vec4 0, 0, 1;
    %store/vec4 v0000019f8ea8bb90_0, 0, 1;
    %pushi/str "reset -> S0";
    %store/str v0000019f8ea8ce50_0;
    %fork TD_tb_mic_control_fsm.expect_state, S_0000019f8ea2a240;
    %join;
    %load/vec4 v0000019f8ea8c4f0_0;
    %pad/u 32;
    %cmpi/ne 1, 0, 32;
    %flag_mov 8, 6;
    %load/vec4 v0000019f8ea8c810_0;
    %pad/u 32;
    %cmpi/ne 0, 0, 32;
    %flag_or 6, 8;
    %flag_mov 8, 6;
    %load/vec4 v0000019f8ea8d530_0;
    %pad/u 32;
    %cmpi/ne 0, 0, 32;
    %flag_or 6, 8;
    %jmp/0xz  T_4.0, 6;
    %vpi_call/w 3 66 "$display", "ERROR: outputs incorrectos en S0" {0 0 0};
    %vpi_call/w 3 67 "$stop" {0 0 0};
T_4.0 ;
    %pushi/vec4 1, 0, 1;
    %store/vec4 v0000019f8ea8cf90_0, 0, 1;
    %wait E_0000019f8ea30830;
    %delay 1000, 0;
    %pushi/vec4 0, 0, 1;
    %store/vec4 v0000019f8ea8c3b0_0, 0, 1;
    %pushi/vec4 1, 0, 1;
    %store/vec4 v0000019f8ea8bb90_0, 0, 1;
    %pushi/str "S0 -> S1";
    %store/str v0000019f8ea8ce50_0;
    %fork TD_tb_mic_control_fsm.expect_state, S_0000019f8ea2a240;
    %join;
    %load/vec4 v0000019f8ea8c810_0;
    %pad/u 32;
    %cmpi/ne 1, 0, 32;
    %jmp/0xz  T_4.2, 6;
    %vpi_call/w 3 77 "$display", "ERROR: listening_led debia estar encendido en S1" {0 0 0};
    %vpi_call/w 3 78 "$stop" {0 0 0};
T_4.2 ;
    %pushi/vec4 1, 0, 1;
    %store/vec4 v0000019f8ea8cef0_0, 0, 1;
    %delay 1000, 0;
    %load/vec4 v0000019f8ea8bcd0_0;
    %pad/u 32;
    %cmpi/ne 1, 0, 32;
    %jmp/0xz  T_4.4, 6;
    %vpi_call/w 3 85 "$display", "ERROR: set_clap_seen debia valer 1 en S1 con clap_event" {0 0 0};
    %vpi_call/w 3 86 "$stop" {0 0 0};
T_4.4 ;
    %pushi/vec4 0, 0, 1;
    %store/vec4 v0000019f8ea8cef0_0, 0, 1;
    %wait E_0000019f8ea30830;
    %delay 1000, 0;
    %pushi/vec4 0, 0, 1;
    %store/vec4 v0000019f8ea8c3b0_0, 0, 1;
    %pushi/vec4 1, 0, 1;
    %store/vec4 v0000019f8ea8bb90_0, 0, 1;
    %pushi/str "permanece en S1";
    %store/str v0000019f8ea8ce50_0;
    %fork TD_tb_mic_control_fsm.expect_state, S_0000019f8ea2a240;
    %join;
    %pushi/vec4 1, 0, 1;
    %store/vec4 v0000019f8ea8d030_0, 0, 1;
    %wait E_0000019f8ea30830;
    %delay 1000, 0;
    %pushi/vec4 1, 0, 1;
    %store/vec4 v0000019f8ea8c3b0_0, 0, 1;
    %pushi/vec4 0, 0, 1;
    %store/vec4 v0000019f8ea8bb90_0, 0, 1;
    %pushi/str "S1 -> S2";
    %store/str v0000019f8ea8ce50_0;
    %fork TD_tb_mic_control_fsm.expect_state, S_0000019f8ea2a240;
    %join;
    %load/vec4 v0000019f8ea8d530_0;
    %pad/u 32;
    %cmpi/ne 1, 0, 32;
    %jmp/0xz  T_4.6, 6;
    %vpi_call/w 3 102 "$display", "ERROR: mic_done debia valer 1 en S2" {0 0 0};
    %vpi_call/w 3 103 "$stop" {0 0 0};
T_4.6 ;
    %pushi/vec4 0, 0, 3;
    %store/vec4 v0000019f8ea8d2b0_0, 0, 3;
    %pushi/vec4 1, 0, 1;
    %store/vec4 v0000019f8ea8d3f0_0, 0, 1;
    %delay 1000, 0;
    %load/vec4 v0000019f8ea8d170_0;
    %pad/u 32;
    %cmpi/ne 1, 0, 32;
    %jmp/0xz  T_4.8, 6;
    %vpi_call/w 3 111 "$display", "ERROR: init_system debia valer 1 en S2 con mode 000 y seen_clap=1" {0 0 0};
    %vpi_call/w 3 112 "$stop" {0 0 0};
T_4.8 ;
    %pushi/vec4 5, 0, 3;
    %store/vec4 v0000019f8ea8d2b0_0, 0, 3;
    %delay 1000, 0;
    %load/vec4 v0000019f8ea8c1d0_0;
    %cmpi/ne 5, 0, 3;
    %jmp/0xz  T_4.10, 6;
    %vpi_call/w 3 119 "$display", "ERROR: load_bit incorrecto en S2" {0 0 0};
    %vpi_call/w 3 120 "$stop" {0 0 0};
T_4.10 ;
    %pushi/vec4 0, 0, 1;
    %store/vec4 v0000019f8ea8d030_0, 0, 1;
    %pushi/vec4 0, 0, 1;
    %store/vec4 v0000019f8ea8cf90_0, 0, 1;
    %wait E_0000019f8ea30830;
    %delay 1000, 0;
    %pushi/vec4 0, 0, 1;
    %store/vec4 v0000019f8ea8c3b0_0, 0, 1;
    %pushi/vec4 0, 0, 1;
    %store/vec4 v0000019f8ea8bb90_0, 0, 1;
    %pushi/str "S2 -> S0";
    %store/str v0000019f8ea8ce50_0;
    %fork TD_tb_mic_control_fsm.expect_state, S_0000019f8ea2a240;
    %join;
    %vpi_call/w 3 130 "$display", "tb_mic_control_fsm OK" {0 0 0};
    %vpi_call/w 3 131 "$finish" {0 0 0};
    %end;
    .thread T_4;
# The file index is used to find the file name in the following table.
:file_names 6;
    "N/A";
    "<interactive>";
    "-";
    ".\Microphone\testbench\tb_mic_control_fsm.sv";
    ".\Microphone\modules\mic_control_fsm.sv";
    ".\Helpers\flip_flop_d.sv";
