#! /c/Source/iverilog-install/bin/vvp
:ivl_version "12.0 (devel)" "(s20150603-1110-g18392a46)";
:ivl_delay_selection "TYPICAL";
:vpi_time_precision - 12;
:vpi_module "C:\iverilog\lib\ivl\system.vpi";
:vpi_module "C:\iverilog\lib\ivl\vhdl_sys.vpi";
:vpi_module "C:\iverilog\lib\ivl\vhdl_textio.vpi";
:vpi_module "C:\iverilog\lib\ivl\v2005_math.vpi";
:vpi_module "C:\iverilog\lib\ivl\va_math.vpi";
:vpi_module "C:\iverilog\lib\ivl\v2009.vpi";
S_0000020b1b0f61a0 .scope package, "$unit" "$unit" 2 1;
 .timescale 0 0;
S_0000020b1b0de450 .scope module, "tb_mic_saver" "tb_mic_saver" 3 3;
 .timescale -9 -12;
v0000020b1b14edb0_0 .var "clear_clap_seen", 0 0;
v0000020b1b1529a0_0 .var "clk", 0 0;
v0000020b1b151a00_0 .net "dir_reg", 0 0, v0000020b1b14c5d0_0;  1 drivers
v0000020b1b151780_0 .var "load_bit", 2 0;
v0000020b1b152b80_0 .net "num_reg", 3 0, L_0000020b1b152180;  1 drivers
v0000020b1b150ec0_0 .var "reset", 0 0;
v0000020b1b150f60_0 .net "seen_clap", 0 0, v0000020b1b14c7b0_0;  1 drivers
v0000020b1b151960_0 .var "set_clap_seen", 0 0;
E_0000020b1b0ee530 .event posedge, v0000020b1b0ea710_0;
S_0000020b1b0de5e0 .scope module, "dut" "mic_saver" 3 15, 4 1 0, S_0000020b1b0de450;
 .timescale -9 -12;
    .port_info 0 /INPUT 1 "clk";
    .port_info 1 /INPUT 1 "reset";
    .port_info 2 /INPUT 1 "clear_clap_seen";
    .port_info 3 /INPUT 1 "set_clap_seen";
    .port_info 4 /INPUT 3 "load_bit";
    .port_info 5 /OUTPUT 1 "seen_clap";
    .port_info 6 /OUTPUT 1 "dir_reg";
    .port_info 7 /OUTPUT 4 "num_reg";
L_0000020b1b0ecd80 .functor NOT 1, v0000020b1b14edb0_0, C4<0>, C4<0>, C4<0>;
L_0000020b1b0ece60 .functor AND 1, v0000020b1b14c7b0_0, L_0000020b1b0ecd80, C4<1>, C4<1>;
L_0000020b1b0ecb50 .functor OR 1, v0000020b1b151960_0, L_0000020b1b0ece60, C4<0>, C4<0>;
L_0000020b1b0ecfb0 .functor NOT 1, L_0000020b1b152220, C4<0>, C4<0>, C4<0>;
L_0000020b1b0ec840 .functor NOT 1, L_0000020b1b152ae0, C4<0>, C4<0>, C4<0>;
L_0000020b1b0ecbc0 .functor AND 1, L_0000020b1b0ecfb0, L_0000020b1b0ec840, C4<1>, C4<1>;
L_0000020b1b0ecc30 .functor AND 1, L_0000020b1b0ecbc0, L_0000020b1b152a40, C4<1>, C4<1>;
L_0000020b1b0ed100 .functor NOT 1, L_0000020b1b1525e0, C4<0>, C4<0>, C4<0>;
L_0000020b1b0ec990 .functor AND 1, L_0000020b1b0ed100, L_0000020b1b1524a0, C4<1>, C4<1>;
L_0000020b1b0ec5a0 .functor NOT 1, L_0000020b1b152c20, C4<0>, C4<0>, C4<0>;
L_0000020b1b0eced0 .functor AND 1, L_0000020b1b0ec990, L_0000020b1b0ec5a0, C4<1>, C4<1>;
L_0000020b1b0ecca0 .functor NOT 1, L_0000020b1b152720, C4<0>, C4<0>, C4<0>;
L_0000020b1b0ed090 .functor AND 1, L_0000020b1b0ecca0, L_0000020b1b1513c0, C4<1>, C4<1>;
L_0000020b1b0ec760 .functor AND 1, L_0000020b1b0ed090, L_0000020b1b152cc0, C4<1>, C4<1>;
L_0000020b1b0ed020 .functor NOT 1, L_0000020b1b152040, C4<0>, C4<0>, C4<0>;
L_0000020b1b0ed170 .functor AND 1, L_0000020b1b151000, L_0000020b1b0ed020, C4<1>, C4<1>;
L_0000020b1b0ed250 .functor NOT 1, L_0000020b1b151820, C4<0>, C4<0>, C4<0>;
L_0000020b1b0ec4c0 .functor AND 1, L_0000020b1b0ed170, L_0000020b1b0ed250, C4<1>, C4<1>;
L_0000020b1b0ed1e0 .functor NOT 1, L_0000020b1b151280, C4<0>, C4<0>, C4<0>;
L_0000020b1b0ed2c0 .functor AND 1, L_0000020b1b151aa0, L_0000020b1b0ed1e0, C4<1>, C4<1>;
L_0000020b1b0eca00 .functor AND 1, L_0000020b1b0ed2c0, L_0000020b1b1520e0, C4<1>, C4<1>;
L_0000020b1b0ec8b0 .functor AND 1, L_0000020b1b0ecc30, v0000020b1b14c7b0_0, C4<1>, C4<1>;
L_0000020b1b0ed330 .functor NOT 1, L_0000020b1b0ecc30, C4<0>, C4<0>, C4<0>;
L_0000020b1b153b80 .functor AND 1, L_0000020b1b0ed330, v0000020b1b14c5d0_0, C4<1>, C4<1>;
L_0000020b1b153aa0 .functor OR 1, L_0000020b1b0ec8b0, L_0000020b1b153b80, C4<0>, C4<0>;
L_0000020b1b153170 .functor AND 1, L_0000020b1b0eced0, v0000020b1b14c7b0_0, C4<1>, C4<1>;
L_0000020b1b153800 .functor NOT 1, L_0000020b1b0eced0, C4<0>, C4<0>, C4<0>;
L_0000020b1b1536b0 .functor AND 1, L_0000020b1b153800, L_0000020b1b1511e0, C4<1>, C4<1>;
L_0000020b1b153d40 .functor OR 1, L_0000020b1b153170, L_0000020b1b1536b0, C4<0>, C4<0>;
L_0000020b1b153330 .functor AND 1, L_0000020b1b0ec760, v0000020b1b14c7b0_0, C4<1>, C4<1>;
L_0000020b1b1538e0 .functor NOT 1, L_0000020b1b0ec760, C4<0>, C4<0>, C4<0>;
L_0000020b1b153cd0 .functor AND 1, L_0000020b1b1538e0, L_0000020b1b152680, C4<1>, C4<1>;
L_0000020b1b152f40 .functor OR 1, L_0000020b1b153330, L_0000020b1b153cd0, C4<0>, C4<0>;
L_0000020b1b153720 .functor AND 1, L_0000020b1b0ec4c0, v0000020b1b14c7b0_0, C4<1>, C4<1>;
L_0000020b1b1531e0 .functor NOT 1, L_0000020b1b0ec4c0, C4<0>, C4<0>, C4<0>;
L_0000020b1b153790 .functor AND 1, L_0000020b1b1531e0, L_0000020b1b1527c0, C4<1>, C4<1>;
L_0000020b1b153090 .functor OR 1, L_0000020b1b153720, L_0000020b1b153790, C4<0>, C4<0>;
L_0000020b1b153250 .functor AND 1, L_0000020b1b0eca00, v0000020b1b14c7b0_0, C4<1>, C4<1>;
L_0000020b1b153480 .functor NOT 1, L_0000020b1b0eca00, C4<0>, C4<0>, C4<0>;
L_0000020b1b153db0 .functor AND 1, L_0000020b1b153480, L_0000020b1b151b40, C4<1>, C4<1>;
L_0000020b1b152ed0 .functor OR 1, L_0000020b1b153250, L_0000020b1b153db0, C4<0>, C4<0>;
v0000020b1b14c850_0 .net *"_ivl_0", 0 0, L_0000020b1b0ecd80;  1 drivers
v0000020b1b14da70_0 .net *"_ivl_100", 0 0, L_0000020b1b153720;  1 drivers
v0000020b1b14d070_0 .net *"_ivl_102", 0 0, L_0000020b1b1531e0;  1 drivers
v0000020b1b14e330_0 .net *"_ivl_105", 0 0, L_0000020b1b1527c0;  1 drivers
v0000020b1b14d2f0_0 .net *"_ivl_106", 0 0, L_0000020b1b153790;  1 drivers
v0000020b1b14d110_0 .net *"_ivl_11", 0 0, L_0000020b1b152ae0;  1 drivers
v0000020b1b14db10_0 .net *"_ivl_110", 0 0, L_0000020b1b153250;  1 drivers
v0000020b1b14dbb0_0 .net *"_ivl_112", 0 0, L_0000020b1b153480;  1 drivers
v0000020b1b14cad0_0 .net *"_ivl_115", 0 0, L_0000020b1b151b40;  1 drivers
v0000020b1b14c8f0_0 .net *"_ivl_116", 0 0, L_0000020b1b153db0;  1 drivers
v0000020b1b14cfd0_0 .net *"_ivl_12", 0 0, L_0000020b1b0ec840;  1 drivers
v0000020b1b14d7f0_0 .net *"_ivl_14", 0 0, L_0000020b1b0ecbc0;  1 drivers
v0000020b1b14d930_0 .net *"_ivl_17", 0 0, L_0000020b1b152a40;  1 drivers
v0000020b1b14d1b0_0 .net *"_ivl_2", 0 0, L_0000020b1b0ece60;  1 drivers
v0000020b1b14d570_0 .net *"_ivl_21", 0 0, L_0000020b1b1525e0;  1 drivers
v0000020b1b14d750_0 .net *"_ivl_22", 0 0, L_0000020b1b0ed100;  1 drivers
v0000020b1b14ca30_0 .net *"_ivl_25", 0 0, L_0000020b1b1524a0;  1 drivers
v0000020b1b14d890_0 .net *"_ivl_26", 0 0, L_0000020b1b0ec990;  1 drivers
v0000020b1b14ccb0_0 .net *"_ivl_29", 0 0, L_0000020b1b152c20;  1 drivers
v0000020b1b14d9d0_0 .net *"_ivl_30", 0 0, L_0000020b1b0ec5a0;  1 drivers
v0000020b1b14cf30_0 .net *"_ivl_35", 0 0, L_0000020b1b152720;  1 drivers
v0000020b1b14e3d0_0 .net *"_ivl_36", 0 0, L_0000020b1b0ecca0;  1 drivers
v0000020b1b14dd90_0 .net *"_ivl_39", 0 0, L_0000020b1b1513c0;  1 drivers
v0000020b1b14d390_0 .net *"_ivl_40", 0 0, L_0000020b1b0ed090;  1 drivers
v0000020b1b14dc50_0 .net *"_ivl_43", 0 0, L_0000020b1b152cc0;  1 drivers
v0000020b1b14de30_0 .net *"_ivl_47", 0 0, L_0000020b1b151000;  1 drivers
v0000020b1b14cd50_0 .net *"_ivl_49", 0 0, L_0000020b1b152040;  1 drivers
v0000020b1b14cb70_0 .net *"_ivl_50", 0 0, L_0000020b1b0ed020;  1 drivers
v0000020b1b14df70_0 .net *"_ivl_52", 0 0, L_0000020b1b0ed170;  1 drivers
v0000020b1b14e0b0_0 .net *"_ivl_55", 0 0, L_0000020b1b151820;  1 drivers
v0000020b1b14e010_0 .net *"_ivl_56", 0 0, L_0000020b1b0ed250;  1 drivers
v0000020b1b14d250_0 .net *"_ivl_61", 0 0, L_0000020b1b151aa0;  1 drivers
v0000020b1b14e1f0_0 .net *"_ivl_63", 0 0, L_0000020b1b151280;  1 drivers
v0000020b1b14c990_0 .net *"_ivl_64", 0 0, L_0000020b1b0ed1e0;  1 drivers
v0000020b1b14cc10_0 .net *"_ivl_66", 0 0, L_0000020b1b0ed2c0;  1 drivers
v0000020b1b14d430_0 .net *"_ivl_69", 0 0, L_0000020b1b1520e0;  1 drivers
v0000020b1b14d4d0_0 .net *"_ivl_7", 0 0, L_0000020b1b152220;  1 drivers
v0000020b1b14e290_0 .net *"_ivl_72", 0 0, L_0000020b1b0ec8b0;  1 drivers
v0000020b1b14ce90_0 .net *"_ivl_74", 0 0, L_0000020b1b0ed330;  1 drivers
v0000020b1b14cdf0_0 .net *"_ivl_76", 0 0, L_0000020b1b153b80;  1 drivers
v0000020b1b14d610_0 .net *"_ivl_8", 0 0, L_0000020b1b0ecfb0;  1 drivers
v0000020b1b14e470_0 .net *"_ivl_80", 0 0, L_0000020b1b153170;  1 drivers
v0000020b1b14c670_0 .net *"_ivl_82", 0 0, L_0000020b1b153800;  1 drivers
v0000020b1b14d6b0_0 .net *"_ivl_85", 0 0, L_0000020b1b1511e0;  1 drivers
v0000020b1b14ea90_0 .net *"_ivl_86", 0 0, L_0000020b1b1536b0;  1 drivers
v0000020b1b14f490_0 .net *"_ivl_90", 0 0, L_0000020b1b153330;  1 drivers
v0000020b1b14ee50_0 .net *"_ivl_92", 0 0, L_0000020b1b1538e0;  1 drivers
v0000020b1b14f0d0_0 .net *"_ivl_95", 0 0, L_0000020b1b152680;  1 drivers
v0000020b1b14e810_0 .net *"_ivl_96", 0 0, L_0000020b1b153cd0;  1 drivers
v0000020b1b14ef90_0 .net "clear_clap_seen", 0 0, v0000020b1b14edb0_0;  1 drivers
v0000020b1b14f030_0 .net "clk", 0 0, v0000020b1b1529a0_0;  1 drivers
v0000020b1b14f5d0_0 .net "dir_reg", 0 0, v0000020b1b14c5d0_0;  alias, 1 drivers
v0000020b1b14f670_0 .net "load_bit", 2 0, v0000020b1b151780_0;  1 drivers
v0000020b1b14f530_0 .net "load_dir", 0 0, L_0000020b1b0ecc30;  1 drivers
v0000020b1b14ebd0_0 .net "load_reg0", 0 0, L_0000020b1b0eced0;  1 drivers
v0000020b1b14eef0_0 .net "load_reg1", 0 0, L_0000020b1b0ec760;  1 drivers
v0000020b1b14f170_0 .net "load_reg2", 0 0, L_0000020b1b0ec4c0;  1 drivers
v0000020b1b14ed10_0 .net "load_reg3", 0 0, L_0000020b1b0eca00;  1 drivers
v0000020b1b14e770_0 .net "next_dir", 0 0, L_0000020b1b153aa0;  1 drivers
v0000020b1b14eb30_0 .net "next_num0", 0 0, L_0000020b1b153d40;  1 drivers
v0000020b1b14e8b0_0 .net "next_num1", 0 0, L_0000020b1b152f40;  1 drivers
v0000020b1b14e9f0_0 .net "next_num2", 0 0, L_0000020b1b153090;  1 drivers
v0000020b1b14ec70_0 .net "next_num3", 0 0, L_0000020b1b152ed0;  1 drivers
v0000020b1b14f210_0 .net "next_seen", 0 0, L_0000020b1b0ecb50;  1 drivers
v0000020b1b14f2b0_0 .net "num_reg", 3 0, L_0000020b1b152180;  alias, 1 drivers
v0000020b1b14f350_0 .net "reset", 0 0, v0000020b1b150ec0_0;  1 drivers
v0000020b1b14f3f0_0 .net "seen_clap", 0 0, v0000020b1b14c7b0_0;  alias, 1 drivers
v0000020b1b14e950_0 .net "set_clap_seen", 0 0, v0000020b1b151960_0;  1 drivers
L_0000020b1b152220 .part v0000020b1b151780_0, 2, 1;
L_0000020b1b152ae0 .part v0000020b1b151780_0, 1, 1;
L_0000020b1b152a40 .part v0000020b1b151780_0, 0, 1;
L_0000020b1b1525e0 .part v0000020b1b151780_0, 2, 1;
L_0000020b1b1524a0 .part v0000020b1b151780_0, 1, 1;
L_0000020b1b152c20 .part v0000020b1b151780_0, 0, 1;
L_0000020b1b152720 .part v0000020b1b151780_0, 2, 1;
L_0000020b1b1513c0 .part v0000020b1b151780_0, 1, 1;
L_0000020b1b152cc0 .part v0000020b1b151780_0, 0, 1;
L_0000020b1b151000 .part v0000020b1b151780_0, 2, 1;
L_0000020b1b152040 .part v0000020b1b151780_0, 1, 1;
L_0000020b1b151820 .part v0000020b1b151780_0, 0, 1;
L_0000020b1b151aa0 .part v0000020b1b151780_0, 2, 1;
L_0000020b1b151280 .part v0000020b1b151780_0, 1, 1;
L_0000020b1b1520e0 .part v0000020b1b151780_0, 0, 1;
L_0000020b1b1511e0 .part L_0000020b1b152180, 0, 1;
L_0000020b1b152680 .part L_0000020b1b152180, 1, 1;
L_0000020b1b1527c0 .part L_0000020b1b152180, 2, 1;
L_0000020b1b151b40 .part L_0000020b1b152180, 3, 1;
L_0000020b1b152180 .concat8 [ 1 1 1 1], v0000020b1b0ebed0_0, v0000020b1b0ea670_0, v0000020b1b0ebcf0_0, v0000020b1b0ebd90_0;
S_0000020b1b0de770 .scope module, "ff_bit0" "flip_flop_d" 4 40, 5 1 0, S_0000020b1b0de5e0;
 .timescale -9 -12;
    .port_info 0 /INPUT 1 "clk";
    .port_info 1 /INPUT 1 "reset";
    .port_info 2 /INPUT 1 "d";
    .port_info 3 /OUTPUT 1 "q";
v0000020b1b0ea710_0 .net "clk", 0 0, v0000020b1b1529a0_0;  alias, 1 drivers
v0000020b1b0eaf30_0 .net "d", 0 0, L_0000020b1b153d40;  alias, 1 drivers
v0000020b1b0ebed0_0 .var "q", 0 0;
v0000020b1b0eafd0_0 .net "reset", 0 0, v0000020b1b150ec0_0;  alias, 1 drivers
E_0000020b1b0eeab0 .event posedge, v0000020b1b0eafd0_0, v0000020b1b0ea710_0;
S_0000020b1b0a2f30 .scope module, "ff_bit1" "flip_flop_d" 4 41, 5 1 0, S_0000020b1b0de5e0;
 .timescale -9 -12;
    .port_info 0 /INPUT 1 "clk";
    .port_info 1 /INPUT 1 "reset";
    .port_info 2 /INPUT 1 "d";
    .port_info 3 /OUTPUT 1 "q";
v0000020b1b0eb4d0_0 .net "clk", 0 0, v0000020b1b1529a0_0;  alias, 1 drivers
v0000020b1b0eacb0_0 .net "d", 0 0, L_0000020b1b152f40;  alias, 1 drivers
v0000020b1b0ea670_0 .var "q", 0 0;
v0000020b1b0eb610_0 .net "reset", 0 0, v0000020b1b150ec0_0;  alias, 1 drivers
S_0000020b1b0a30c0 .scope module, "ff_bit2" "flip_flop_d" 4 42, 5 1 0, S_0000020b1b0de5e0;
 .timescale -9 -12;
    .port_info 0 /INPUT 1 "clk";
    .port_info 1 /INPUT 1 "reset";
    .port_info 2 /INPUT 1 "d";
    .port_info 3 /OUTPUT 1 "q";
v0000020b1b0ea030_0 .net "clk", 0 0, v0000020b1b1529a0_0;  alias, 1 drivers
v0000020b1b0eb930_0 .net "d", 0 0, L_0000020b1b153090;  alias, 1 drivers
v0000020b1b0ebcf0_0 .var "q", 0 0;
v0000020b1b0eae90_0 .net "reset", 0 0, v0000020b1b150ec0_0;  alias, 1 drivers
S_0000020b1b0a3250 .scope module, "ff_bit3" "flip_flop_d" 4 43, 5 1 0, S_0000020b1b0de5e0;
 .timescale -9 -12;
    .port_info 0 /INPUT 1 "clk";
    .port_info 1 /INPUT 1 "reset";
    .port_info 2 /INPUT 1 "d";
    .port_info 3 /OUTPUT 1 "q";
v0000020b1b0ebbb0_0 .net "clk", 0 0, v0000020b1b1529a0_0;  alias, 1 drivers
v0000020b1b0eb070_0 .net "d", 0 0, L_0000020b1b152ed0;  alias, 1 drivers
v0000020b1b0ebd90_0 .var "q", 0 0;
v0000020b1b0eb250_0 .net "reset", 0 0, v0000020b1b150ec0_0;  alias, 1 drivers
S_0000020b1b14c3f0 .scope module, "ff_dir" "flip_flop_d" 4 38, 5 1 0, S_0000020b1b0de5e0;
 .timescale -9 -12;
    .port_info 0 /INPUT 1 "clk";
    .port_info 1 /INPUT 1 "reset";
    .port_info 2 /INPUT 1 "d";
    .port_info 3 /OUTPUT 1 "q";
v0000020b1b0eb2f0_0 .net "clk", 0 0, v0000020b1b1529a0_0;  alias, 1 drivers
v0000020b1b0eba70_0 .net "d", 0 0, L_0000020b1b153aa0;  alias, 1 drivers
v0000020b1b14c5d0_0 .var "q", 0 0;
v0000020b1b14c710_0 .net "reset", 0 0, v0000020b1b150ec0_0;  alias, 1 drivers
S_0000020b1b14e590 .scope module, "ff_seen" "flip_flop_d" 4 37, 5 1 0, S_0000020b1b0de5e0;
 .timescale -9 -12;
    .port_info 0 /INPUT 1 "clk";
    .port_info 1 /INPUT 1 "reset";
    .port_info 2 /INPUT 1 "d";
    .port_info 3 /OUTPUT 1 "q";
v0000020b1b14dcf0_0 .net "clk", 0 0, v0000020b1b1529a0_0;  alias, 1 drivers
v0000020b1b14ded0_0 .net "d", 0 0, L_0000020b1b0ecb50;  alias, 1 drivers
v0000020b1b14c7b0_0 .var "q", 0 0;
v0000020b1b14e150_0 .net "reset", 0 0, v0000020b1b150ec0_0;  alias, 1 drivers
    .scope S_0000020b1b14e590;
T_0 ;
    %wait E_0000020b1b0eeab0;
    %load/vec4 v0000020b1b14e150_0;
    %flag_set/vec4 8;
    %jmp/0xz  T_0.0, 8;
    %pushi/vec4 0, 0, 1;
    %assign/vec4 v0000020b1b14c7b0_0, 0;
    %jmp T_0.1;
T_0.0 ;
    %load/vec4 v0000020b1b14ded0_0;
    %assign/vec4 v0000020b1b14c7b0_0, 0;
T_0.1 ;
    %jmp T_0;
    .thread T_0;
    .scope S_0000020b1b14c3f0;
T_1 ;
    %wait E_0000020b1b0eeab0;
    %load/vec4 v0000020b1b14c710_0;
    %flag_set/vec4 8;
    %jmp/0xz  T_1.0, 8;
    %pushi/vec4 0, 0, 1;
    %assign/vec4 v0000020b1b14c5d0_0, 0;
    %jmp T_1.1;
T_1.0 ;
    %load/vec4 v0000020b1b0eba70_0;
    %assign/vec4 v0000020b1b14c5d0_0, 0;
T_1.1 ;
    %jmp T_1;
    .thread T_1;
    .scope S_0000020b1b0de770;
T_2 ;
    %wait E_0000020b1b0eeab0;
    %load/vec4 v0000020b1b0eafd0_0;
    %flag_set/vec4 8;
    %jmp/0xz  T_2.0, 8;
    %pushi/vec4 0, 0, 1;
    %assign/vec4 v0000020b1b0ebed0_0, 0;
    %jmp T_2.1;
T_2.0 ;
    %load/vec4 v0000020b1b0eaf30_0;
    %assign/vec4 v0000020b1b0ebed0_0, 0;
T_2.1 ;
    %jmp T_2;
    .thread T_2;
    .scope S_0000020b1b0a2f30;
T_3 ;
    %wait E_0000020b1b0eeab0;
    %load/vec4 v0000020b1b0eb610_0;
    %flag_set/vec4 8;
    %jmp/0xz  T_3.0, 8;
    %pushi/vec4 0, 0, 1;
    %assign/vec4 v0000020b1b0ea670_0, 0;
    %jmp T_3.1;
T_3.0 ;
    %load/vec4 v0000020b1b0eacb0_0;
    %assign/vec4 v0000020b1b0ea670_0, 0;
T_3.1 ;
    %jmp T_3;
    .thread T_3;
    .scope S_0000020b1b0a30c0;
T_4 ;
    %wait E_0000020b1b0eeab0;
    %load/vec4 v0000020b1b0eae90_0;
    %flag_set/vec4 8;
    %jmp/0xz  T_4.0, 8;
    %pushi/vec4 0, 0, 1;
    %assign/vec4 v0000020b1b0ebcf0_0, 0;
    %jmp T_4.1;
T_4.0 ;
    %load/vec4 v0000020b1b0eb930_0;
    %assign/vec4 v0000020b1b0ebcf0_0, 0;
T_4.1 ;
    %jmp T_4;
    .thread T_4;
    .scope S_0000020b1b0a3250;
T_5 ;
    %wait E_0000020b1b0eeab0;
    %load/vec4 v0000020b1b0eb250_0;
    %flag_set/vec4 8;
    %jmp/0xz  T_5.0, 8;
    %pushi/vec4 0, 0, 1;
    %assign/vec4 v0000020b1b0ebd90_0, 0;
    %jmp T_5.1;
T_5.0 ;
    %load/vec4 v0000020b1b0eb070_0;
    %assign/vec4 v0000020b1b0ebd90_0, 0;
T_5.1 ;
    %jmp T_5;
    .thread T_5;
    .scope S_0000020b1b0de450;
T_6 ;
    %delay 5000, 0;
    %load/vec4 v0000020b1b1529a0_0;
    %inv;
    %store/vec4 v0000020b1b1529a0_0, 0, 1;
    %jmp T_6;
    .thread T_6;
    .scope S_0000020b1b0de450;
T_7 ;
    %pushi/vec4 0, 0, 1;
    %store/vec4 v0000020b1b1529a0_0, 0, 1;
    %pushi/vec4 1, 0, 1;
    %store/vec4 v0000020b1b150ec0_0, 0, 1;
    %pushi/vec4 0, 0, 1;
    %store/vec4 v0000020b1b14edb0_0, 0, 1;
    %pushi/vec4 0, 0, 1;
    %store/vec4 v0000020b1b151960_0, 0, 1;
    %pushi/vec4 0, 0, 3;
    %store/vec4 v0000020b1b151780_0, 0, 3;
    %delay 12000, 0;
    %pushi/vec4 0, 0, 1;
    %store/vec4 v0000020b1b150ec0_0, 0, 1;
    %delay 1000, 0;
    %load/vec4 v0000020b1b150f60_0;
    %pad/u 32;
    %cmpi/ne 0, 0, 32;
    %flag_mov 8, 6;
    %load/vec4 v0000020b1b151a00_0;
    %pad/u 32;
    %cmpi/ne 0, 0, 32;
    %flag_or 6, 8;
    %flag_mov 8, 6;
    %load/vec4 v0000020b1b152b80_0;
    %cmpi/ne 0, 0, 4;
    %flag_or 6, 8;
    %jmp/0xz  T_7.0, 6;
    %vpi_call/w 3 41 "$display", "ERROR: reset incorrecto en mic_saver" {0 0 0};
    %vpi_call/w 3 42 "$stop" {0 0 0};
T_7.0 ;
    %pushi/vec4 1, 0, 1;
    %store/vec4 v0000020b1b151960_0, 0, 1;
    %wait E_0000020b1b0ee530;
    %delay 1000, 0;
    %pushi/vec4 0, 0, 1;
    %store/vec4 v0000020b1b151960_0, 0, 1;
    %load/vec4 v0000020b1b150f60_0;
    %pad/u 32;
    %cmpi/ne 1, 0, 32;
    %jmp/0xz  T_7.2, 6;
    %vpi_call/w 3 51 "$display", "ERROR: seen_clap no se puso en 1" {0 0 0};
    %vpi_call/w 3 52 "$stop" {0 0 0};
T_7.2 ;
    %pushi/vec4 1, 0, 3;
    %store/vec4 v0000020b1b151780_0, 0, 3;
    %wait E_0000020b1b0ee530;
    %delay 1000, 0;
    %pushi/vec4 0, 0, 3;
    %store/vec4 v0000020b1b151780_0, 0, 3;
    %load/vec4 v0000020b1b151a00_0;
    %pad/u 32;
    %cmpi/ne 1, 0, 32;
    %jmp/0xz  T_7.4, 6;
    %vpi_call/w 3 61 "$display", "ERROR: dir_reg no guard\303\263 seen_clap" {0 0 0};
    %vpi_call/w 3 62 "$stop" {0 0 0};
T_7.4 ;
    %pushi/vec4 2, 0, 3;
    %store/vec4 v0000020b1b151780_0, 0, 3;
    %wait E_0000020b1b0ee530;
    %delay 1000, 0;
    %load/vec4 v0000020b1b152b80_0;
    %parti/s 1, 0, 2;
    %pad/u 32;
    %cmpi/ne 1, 0, 32;
    %jmp/0xz  T_7.6, 6;
    %vpi_call/w 3 70 "$display", "ERROR: num_reg[0] no guard\303\263 seen_clap" {0 0 0};
    %vpi_call/w 3 71 "$stop" {0 0 0};
T_7.6 ;
    %pushi/vec4 3, 0, 3;
    %store/vec4 v0000020b1b151780_0, 0, 3;
    %wait E_0000020b1b0ee530;
    %delay 1000, 0;
    %load/vec4 v0000020b1b152b80_0;
    %parti/s 1, 1, 2;
    %pad/u 32;
    %cmpi/ne 1, 0, 32;
    %jmp/0xz  T_7.8, 6;
    %vpi_call/w 3 79 "$display", "ERROR: num_reg[1] no guard\303\263 seen_clap" {0 0 0};
    %vpi_call/w 3 80 "$stop" {0 0 0};
T_7.8 ;
    %pushi/vec4 4, 0, 3;
    %store/vec4 v0000020b1b151780_0, 0, 3;
    %wait E_0000020b1b0ee530;
    %delay 1000, 0;
    %load/vec4 v0000020b1b152b80_0;
    %parti/s 1, 2, 3;
    %pad/u 32;
    %cmpi/ne 1, 0, 32;
    %jmp/0xz  T_7.10, 6;
    %vpi_call/w 3 88 "$display", "ERROR: num_reg[2] no guard\303\263 seen_clap" {0 0 0};
    %vpi_call/w 3 89 "$stop" {0 0 0};
T_7.10 ;
    %pushi/vec4 5, 0, 3;
    %store/vec4 v0000020b1b151780_0, 0, 3;
    %wait E_0000020b1b0ee530;
    %delay 1000, 0;
    %load/vec4 v0000020b1b152b80_0;
    %parti/s 1, 3, 3;
    %pad/u 32;
    %cmpi/ne 1, 0, 32;
    %jmp/0xz  T_7.12, 6;
    %vpi_call/w 3 97 "$display", "ERROR: num_reg[3] no guard\303\263 seen_clap" {0 0 0};
    %vpi_call/w 3 98 "$stop" {0 0 0};
T_7.12 ;
    %pushi/vec4 0, 0, 3;
    %store/vec4 v0000020b1b151780_0, 0, 3;
    %pushi/vec4 1, 0, 1;
    %store/vec4 v0000020b1b14edb0_0, 0, 1;
    %wait E_0000020b1b0ee530;
    %delay 1000, 0;
    %pushi/vec4 0, 0, 1;
    %store/vec4 v0000020b1b14edb0_0, 0, 1;
    %load/vec4 v0000020b1b150f60_0;
    %pad/u 32;
    %cmpi/ne 0, 0, 32;
    %jmp/0xz  T_7.14, 6;
    %vpi_call/w 3 108 "$display", "ERROR: seen_clap no se limpi\303\263" {0 0 0};
    %vpi_call/w 3 109 "$stop" {0 0 0};
T_7.14 ;
    %vpi_call/w 3 112 "$display", "tb_mic_saver OK" {0 0 0};
    %vpi_call/w 3 113 "$finish" {0 0 0};
    %end;
    .thread T_7;
# The file index is used to find the file name in the following table.
:file_names 6;
    "N/A";
    "<interactive>";
    "-";
    ".\Microphone\testbench\tb_mic_saver.sv";
    ".\Microphone\modules\mic_saver.sv";
    ".\Helpers\flip_flop_d.sv";
